node:internal/modules/cjs/loader:1459
  throw err;
  ^

Error: Cannot find module 'C:\Users\Mfree\OneDrive\Documents\zakuro\zakuros-archive-main'
Require stack:
- internal/preload
    at Module._resolveFilename (node:internal/modules/cjs/loader:1456:15)
    at defaultResolveImpl (node:internal/modules/cjs/loader:1066:19)
    at resolveForCJSWithHooks (node:internal/modules/cjs/loader:1071:22)
    at Module._load (node:internal/modules/cjs/loader:1242:25)
    at wrapModuleLoad (node:internal/modules/cjs/loader:255:19)
    at Module.require (node:internal/modules/cjs/loader:1556:12)
    at node:internal/modules/cjs/loader:2104:12
    at loadPreloadModules (node:internal/process/pre_execution:698:5)
    at initializeModuleLoaders (node:internal/process/pre_execution:238:5)
    at prepareExecution (node:internal/process/pre_execution:166:5) {
  code: 'MODULE_NOT_FOUND',
  requireStack: [ 'internal/preload' ]
}

Node.js v24.14.0
